// Jest Snapshot v1, https://goo.gl/fbAQLP

exports[`Snapshot testing of HelloWorld component renders correctly 1`] = `ShallowWrapper {}`;
